server/src/agents/core/BaseAgent.ts(47,11): error TS2322: Type 'unknown' is not assignable to type 'AgentOutput | undefined'.
server/src/projects/repository/blueprint.repository.ts(6,3): error TS2724: '"../types/blueprint"' has no exported member named 'UpdateBlueprintInput'. Did you mean 'CreateBlueprintInput'?
server/src/projects/controllers/project.controller.ts(40,40): error TS2339: Property 'removeProject' does not exist on type 'ProjectService'.
server/src/projects/controllers/project.controller.ts(32,40): error TS2339: Property 'updateProject' does not exist on type 'ProjectService'.
server/src/projects/controllers/project.controller.ts(26,76): error TS2554: Expected 1 arguments, but got 2.
server/src/projects/controllers/project.controller.ts(26,51): error TS2339: Property 'user' does not exist on type 'Request<ParamsDictionary, any, any, ParsedQs, Record<string, any>>'.
server/src/projects/controllers/project.controller.ts(17,40): error TS2339: Property 'getProject' does not exist on type 'ProjectService'.
server/src/projects/controllers/project.controller.ts(12,39): error TS2339: Property 'listProjects' does not exist on type 'ProjectService'.
server/src/projects/controllers/project.controller.ts(3,56): error TS2305: Module '"../validation/project.validation"' has no exported member 'validateProjectQuery'.
server/src/projects/controllers/project.controller.ts(3,33): error TS2305: Module '"../validation/project.validation"' has no exported member 'validateUpdateProject'.
server/src/projects/controllers/project.controller.ts(3,10): error TS2305: Module '"../validation/project.validation"' has no exported member 'validateCreateProject'.
server/src/pipeline/PipelineRunner.ts(12,21): error TS6133: 'input' is declared but its value is never read.
server/src/pipeline/PipelineRunner.ts(1,40): error TS2459: Module '"../agents/core/BaseAgent"' declares 'AgentOutput' locally, but it is not exported.
server/src/pipeline/PipelineRunner.ts(1,28): error TS2459: Module '"../agents/core/BaseAgent"' declares 'AgentInput' locally, but it is not exported.
server/src/pipeline/PipelineRunner.ts(1,15): error TS2459: Module '"../agents/core/BaseAgent"' declares 'AgentResult' locally, but it is not exported.
  The last overload gave the following error.
server/src/index.ts(93,25): error TS2769: No overload matches this call.
server/src/index.ts(44,7): error TS6133: '_realtimeServer' is declared but its value is never read.
server/src/execution/stepRunner.ts(57,21): error TS2339: Property 'markStepFailed' does not exist on type 'WorkflowState'.
server/src/execution/stepRunner.ts(51,21): error TS2339: Property 'markStepCompleted' does not exist on type 'WorkflowState'.
server/src/execution/stepRunner.ts(26,11): error TS6133: 'ai' is declared but its value is never read.
server/src/execution/stepRunner.ts(21,23): error TS2344: Type 'RetryPolicy' does not satisfy the constraint '(...args: any) => any'.
server/src/execution/pipelineEngine.ts(2,15): error TS2305: Module '"./pipelineTypes"' has no exported member 'PipelineContext'.
server/src/execution/pipelineEngine.ts(1,32): error TS2307: Cannot find module './PipelineRunner' or its corresponding type declarations.
server/src/execution/aiPipelineIntegrator.ts(8,14): error TS6133: 'event' is declared but its value is never read.
server/src/engine/GameGenerationEngine.ts(1,1): error TS6133: 'AIPipelineIntegrator' is declared but its value is never read.
server/src/agents/implementations/UIGeneratorAgent.ts(29,27): error TS6133: 'input' is declared but its value is never read.
server/src/agents/implementations/UIGeneratorAgent.ts(26,16): error TS2345: Argument of type 'LLMOptions | undefined' is not assignable to parameter of type 'Partial<AgentConfig> | undefined'.
server/src/projects/repository/blueprint.repository.ts(7,3): error TS2305: Module '"../types/blueprint"' has no exported member 'BlueprintQueryOptions'.
server/src/agents/implementations/UIGeneratorAgent.ts(17,19): error TS2416: Property 'outputSchema' in type 'UIGeneratorAgent' is not assignable to the same property in base type 'BaseAgent'.
server/src/projects/repository/blueprint.repository.ts(71,11): error TS2739: Type '{ id: string; userId: string; createdAt: Date; updatedAt: Date; status: string; version: number; name: string; game_type: string; description?: string | undefined; genre?: string | undefined; targetAudience?: string | undefined; difficulty?: string | undefined; estimated_players?: string | undefined; }' is missing the following properties from type 'GameBlueprint': projectId, gameType, estimatedPlayers
server/src/projects/repository/blueprint.repository.ts(138,33): error TS18048: 'bVal' is possibly 'undefined'.
server/src/routes/game-generation.ts(2,39): error TS2307: Cannot find module '../services/game-generation.service' or its corresponding type declarations.
server/src/providers/openai.ts(93,35): error TS2339: Property 'get' does not exist on type 'OpenAIProvider'.
server/src/providers/openai.ts(50,33): error TS2339: Property 'post' does not exist on type 'OpenAIProvider'.
server/src/providers/openai.ts(19,33): error TS2339: Property 'post' does not exist on type 'OpenAIProvider'.
server/src/providers/openai.ts(12,33): error TS2339: Property 'get' does not exist on type 'OpenAIProvider'.
server/src/providers/openai.ts(1,10): error TS2724: '"../ai/provider"' has no exported member named 'BaseAIProvider'. Did you mean 'AIProvider'?
server/src/providers/ollama.ts(95,35): error TS2339: Property 'get' does not exist on type 'OllamaProvider'.
server/src/providers/ollama.ts(53,33): error TS2339: Property 'post' does not exist on type 'OllamaProvider'.
server/src/providers/ollama.ts(19,33): error TS2339: Property 'post' does not exist on type 'OllamaProvider'.
server/src/providers/ollama.ts(12,33): error TS2339: Property 'get' does not exist on type 'OllamaProvider'.
server/src/providers/ollama.ts(1,10): error TS2724: '"../ai/provider"' has no exported member named 'BaseAIProvider'. Did you mean 'AIProvider'?
server/src/providers/gemini.ts(55,59): error TS2339: Property 'apiKey' does not exist on type 'GeminiProvider'.
server/src/providers/gemini.ts(55,35): error TS2339: Property 'get' does not exist on type 'GeminiProvider'.
server/src/providers/gemini.ts(21,52): error TS2339: Property 'apiKey' does not exist on type 'GeminiProvider'.
server/src/providers/gemini.ts(20,33): error TS2339: Property 'post' does not exist on type 'GeminiProvider'.
server/src/providers/gemini.ts(12,57): error TS2339: Property 'apiKey' does not exist on type 'GeminiProvider'.
server/src/providers/gemini.ts(12,33): error TS2339: Property 'get' does not exist on type 'GeminiProvider'.
server/src/providers/gemini.ts(1,10): error TS2724: '"../ai/provider"' has no exported member named 'BaseAIProvider'. Did you mean 'AIProvider'?
server/src/providers/anthropic.ts(51,35): error TS2339: Property 'get' does not exist on type 'AnthropicProvider'.
server/src/providers/anthropic.ts(19,33): error TS2339: Property 'post' does not exist on type 'AnthropicProvider'.
server/src/providers/anthropic.ts(12,33): error TS2339: Property 'get' does not exist on type 'AnthropicProvider'.
server/src/providers/anthropic.ts(1,10): error TS2724: '"../ai/provider"' has no exported member named 'BaseAIProvider'. Did you mean 'AIProvider'?
server/src/projects/services/game-generation.service.ts(11,11): error TS6133: 'events' is declared but its value is never read.
server/src/projects/repository/blueprint.repository.ts(201,7): error TS2698: Spread types may only be created from object types.
server/src/projects/repository/blueprint.repository.ts(165,7): error TS2322: Type '{ id: string; projectId: string; userId: string; name: string; description?: string; gameType: string; genre: string; targetAudience?: string; difficulty: string; estimatedPlayers: string; ... 13 more ...; updatedAt: Date; }' is not assignable to type 'string'.
server/src/projects/repository/blueprint.repository.ts(138,51): error TS18048: 'bVal' is possibly 'undefined'.
server/src/projects/repository/blueprint.repository.ts(138,44): error TS18048: 'aVal' is possibly 'undefined'.
server/src/projects/repository/blueprint.repository.ts(138,26): error TS18048: 'aVal' is possibly 'undefined'.
server/src/routes/game-generation.ts(3,45): error TS2307: Cannot find module '../repository/blueprint.repository' or its corresponding type declarations.
server/src/agents/implementations/UIGeneratorAgent.ts(8,19): error TS2416: Property 'inputSchema' in type 'UIGeneratorAgent' is not assignable to the same property in base type 'BaseAgent'.
server/src/agents/implementations/TesterAgent.ts(26,16): error TS2345: Argument of type 'LLMOptions | undefined' is not assignable to parameter of type 'Partial<AgentConfig> | undefined'.
server/src/agents/implementations/OrchestratorAgent.ts(44,30): error TS2322: Type 'PlannerAgent' is not assignable to type 'BaseAgent'.
server/src/agents/implementations/OrchestratorAgent.ts(43,35): error TS2322: Type 'RequirementsAgent' is not assignable to type 'BaseAgent'.
server/src/agents/implementations/OrchestratorAgent.ts(27,7): error TS6133: 'agentOrder' is declared but its value is never read.
server/src/agents/implementations/LuaGeneratorAgent.ts(29,27): error TS6133: 'input' is declared but its value is never read.
server/src/agents/implementations/LuaGeneratorAgent.ts(26,16): error TS2345: Argument of type 'LLMOptions | undefined' is not assignable to parameter of type 'Partial<AgentConfig> | undefined'.
server/src/agents/implementations/LuaGeneratorAgent.ts(17,19): error TS2416: Property 'outputSchema' in type 'LuaGeneratorAgent' is not assignable to the same property in base type 'BaseAgent'.
server/src/agents/implementations/LuaGeneratorAgent.ts(8,19): error TS2416: Property 'inputSchema' in type 'LuaGeneratorAgent' is not assignable to the same property in base type 'BaseAgent'.
server/src/agents/implementations/GameDesignerAgent.ts(29,27): error TS6133: 'input' is declared but its value is never read.
server/src/agents/implementations/GameDesignerAgent.ts(26,16): error TS2345: Argument of type 'LLMOptions | undefined' is not assignable to parameter of type 'Partial<AgentConfig> | undefined'.
server/src/agents/implementations/GameDesignerAgent.ts(17,19): error TS2416: Property 'outputSchema' in type 'GameDesignerAgent' is not assignable to the same property in base type 'BaseAgent'.
server/src/agents/implementations/GameDesignerAgent.ts(8,19): error TS2416: Property 'inputSchema' in type 'GameDesignerAgent' is not assignable to the same property in base type 'BaseAgent'.
server/src/agents/implementations/DocumentationAgent.ts(29,27): error TS6133: 'input' is declared but its value is never read.
server/src/agents/implementations/DocumentationAgent.ts(26,16): error TS2345: Argument of type 'LLMOptions | undefined' is not assignable to parameter of type 'Partial<AgentConfig> | undefined'.
server/src/agents/implementations/DocumentationAgent.ts(17,19): error TS2416: Property 'outputSchema' in type 'DocumentationAgent' is not assignable to the same property in base type 'BaseAgent'.
server/src/agents/implementations/DocumentationAgent.ts(8,19): error TS2416: Property 'inputSchema' in type 'DocumentationAgent' is not assignable to the same property in base type 'BaseAgent'.
server/src/agents/implementations/DebugAgent.ts(29,27): error TS6133: 'input' is declared but its value is never read.
server/src/agents/implementations/DebugAgent.ts(26,16): error TS2345: Argument of type 'LLMOptions | undefined' is not assignable to parameter of type 'Partial<AgentConfig> | undefined'.
server/src/agents/implementations/DebugAgent.ts(17,19): error TS2416: Property 'outputSchema' in type 'DebugAgent' is not assignable to the same property in base type 'BaseAgent'.
server/src/agents/implementations/DebugAgent.ts(8,19): error TS2416: Property 'inputSchema' in type 'DebugAgent' is not assignable to the same property in base type 'BaseAgent'.
server/src/agents/implementations/DatabaseAgent.ts(29,27): error TS6133: 'input' is declared but its value is never read.
server/src/agents/implementations/DatabaseAgent.ts(26,16): error TS2345: Argument of type 'LLMOptions | undefined' is not assignable to parameter of type 'Partial<AgentConfig> | undefined'.
server/src/agents/implementations/DatabaseAgent.ts(17,19): error TS2416: Property 'outputSchema' in type 'DatabaseAgent' is not assignable to the same property in base type 'BaseAgent'.
server/src/agents/implementations/DatabaseAgent.ts(8,19): error TS2416: Property 'inputSchema' in type 'DatabaseAgent' is not assignable to the same property in base type 'BaseAgent'.
server/src/agents/implementations/AssetPlannerAgent.ts(29,27): error TS6133: 'input' is declared but its value is never read.
server/src/agents/implementations/AssetPlannerAgent.ts(26,16): error TS2345: Argument of type 'LLMOptions | undefined' is not assignable to parameter of type 'Partial<AgentConfig> | undefined'.
server/src/agents/implementations/AssetPlannerAgent.ts(17,19): error TS2416: Property 'outputSchema' in type 'AssetPlannerAgent' is not assignable to the same property in base type 'BaseAgent'.
server/src/agents/implementations/AssetPlannerAgent.ts(8,19): error TS2416: Property 'inputSchema' in type 'AssetPlannerAgent' is not assignable to the same property in base type 'BaseAgent'.
server/src/agents/implementations/OrchestratorAgent.ts(45,36): error TS2322: Type 'GameDesignerAgent' is not assignable to type 'BaseAgent'.
server/src/agents/implementations/TesterAgent.ts(29,27): error TS6133: 'input' is declared but its value is never read.
server/src/agents/implementations/OrchestratorAgent.ts(46,39): error TS2322: Type 'RobloxArchitectAgent' is not assignable to type 'BaseAgent'.
server/src/agents/implementations/OrchestratorAgent.ts(48,35): error TS2322: Type 'UIGeneratorAgent' is not assignable to type 'BaseAgent'.
server/src/agents/implementations/TesterAgent.ts(17,19): error TS2416: Property 'outputSchema' in type 'TesterAgent' is not assignable to the same property in base type 'BaseAgent'.
server/src/agents/implementations/TesterAgent.ts(8,19): error TS2416: Property 'inputSchema' in type 'TesterAgent' is not assignable to the same property in base type 'BaseAgent'.
server/src/agents/implementations/RobloxArchitectAgent.ts(28,27): error TS6133: 'input' is declared but its value is never read.
server/src/agents/implementations/RobloxArchitectAgent.ts(25,16): error TS2345: Argument of type 'LLMOptions | undefined' is not assignable to parameter of type 'Partial<AgentConfig> | undefined'.
server/src/agents/implementations/RobloxArchitectAgent.ts(16,19): error TS2416: Property 'outputSchema' in type 'RobloxArchitectAgent' is not assignable to the same property in base type 'BaseAgent'.
server/src/agents/implementations/RobloxArchitectAgent.ts(8,19): error TS2416: Property 'inputSchema' in type 'RobloxArchitectAgent' is not assignable to the same property in base type 'BaseAgent'.
server/src/agents/implementations/RequirementsAgent.ts(28,27): error TS6133: 'input' is declared but its value is never read.
server/src/agents/implementations/RequirementsAgent.ts(25,16): error TS2345: Argument of type 'LLMOptions | undefined' is not assignable to parameter of type 'Partial<AgentConfig> | undefined'.
server/src/agents/implementations/RequirementsAgent.ts(16,19): error TS2416: Property 'outputSchema' in type 'RequirementsAgent' is not assignable to the same property in base type 'BaseAgent'.
server/src/agents/implementations/RequirementsAgent.ts(8,19): error TS2416: Property 'inputSchema' in type 'RequirementsAgent' is not assignable to the same property in base type 'BaseAgent'.
server/src/agents/implementations/PlannerAgent.ts(28,27): error TS6133: 'input' is declared but its value is never read.
server/src/agents/implementations/PlannerAgent.ts(25,16): error TS2345: Argument of type 'LLMOptions | undefined' is not assignable to parameter of type 'Partial<AgentConfig> | undefined'.
server/src/agents/implementations/PlannerAgent.ts(16,19): error TS2416: Property 'outputSchema' in type 'PlannerAgent' is not assignable to the same property in base type 'BaseAgent'.
server/src/agents/implementations/PlannerAgent.ts(8,19): error TS2416: Property 'inputSchema' in type 'PlannerAgent' is not assignable to the same property in base type 'BaseAgent'.
server/src/agents/implementations/PerformanceAgent.ts(29,27): error TS6133: 'input' is declared but its value is never read.
server/src/agents/implementations/PerformanceAgent.ts(26,16): error TS2345: Argument of type 'LLMOptions | undefined' is not assignable to parameter of type 'Partial<AgentConfig> | undefined'.
server/src/agents/implementations/PerformanceAgent.ts(17,19): error TS2416: Property 'outputSchema' in type 'PerformanceAgent' is not assignable to the same property in base type 'BaseAgent'.
server/src/agents/implementations/PerformanceAgent.ts(8,19): error TS2416: Property 'inputSchema' in type 'PerformanceAgent' is not assignable to the same property in base type 'BaseAgent'.
server/src/agents/implementations/OrchestratorAgent.ts(86,16): error TS2345: Argument of type 'LLMOptions | undefined' is not assignable to parameter of type 'Partial<AgentConfig> | undefined'.
server/src/agents/implementations/OrchestratorAgent.ts(72,19): error TS2416: Property 'outputSchema' in type 'OrchestratorAgent' is not assignable to the same property in base type 'BaseAgent'.
server/src/agents/implementations/OrchestratorAgent.ts(64,19): error TS2416: Property 'inputSchema' in type 'OrchestratorAgent' is not assignable to the same property in base type 'BaseAgent'.
server/src/agents/implementations/OrchestratorAgent.ts(54,34): error TS2322: Type 'PerformanceAgent' is not assignable to type 'BaseAgent'.
server/src/agents/implementations/OrchestratorAgent.ts(53,31): error TS2322: Type 'DebugAgent' is not assignable to type 'BaseAgent'.
server/src/agents/implementations/OrchestratorAgent.ts(52,29): error TS2322: Type 'TesterAgent' is not assignable to type 'BaseAgent'.
server/src/agents/implementations/OrchestratorAgent.ts(51,36): error TS2322: Type 'DocumentationAgent' is not assignable to type 'BaseAgent'.
server/src/agents/implementations/OrchestratorAgent.ts(50,40): error TS2322: Type 'DatabaseAgent' is not assignable to type 'BaseAgent'.
server/src/agents/implementations/OrchestratorAgent.ts(49,36): error TS2322: Type 'AssetPlannerAgent' is not assignable to type 'BaseAgent'.
server/src/agents/implementations/OrchestratorAgent.ts(47,36): error TS2322: Type 'LuaGeneratorAgent' is not assignable to type 'BaseAgent'.
server/src/routes/game-generation.ts(4,32): error TS2307: Cannot find module '../cache/blueprint.cache' or its corresponding type declarations.
